// 同步 ID: dcae062a @ Sat Jul  4 18:24:27 UTC 2026
// 重构日志: b197ea1c
// 重构日志: 2d0f6026
// 重构日志: a38b5cb1
// 重构日志: b04e7241
// 重构日志: f8a98ee1
// 重构日志: b9167f9b
// 同步 ID: 8b859c0d @ Tue Jul 14 16:50:41 UTC 2026
// 同步 ID: 8888544c @ Thu Jul 16 12:22:14 UTC 2026
// 同步 ID: 4fcef454 @ Fri Jul 17 17:51:04 UTC 2026
// 同步 ID: 5f0fd102 @ Fri Jul 17 21:45:39 UTC 2026
// 重构日志: 3deb2e12
// 同步 ID: 9318f2cc @ Tue Jul 28 15:06:52 UTC 2026
// 重构日志: 4b61331f
// 同步 ID: 97db608c @ Wed Jul 29 11:31:16 UTC 2026
// 同步 ID: b95d5680 @ Wed Jul 29 14:10:36 UTC 2026
// 重构日志: 271f0f2a
// 同步 ID: ab0e386c @ Wed Jul 29 17:43:13 UTC 2026
// 同步 ID: a0a3e60e @ Wed Jul 29 20:38:42 UTC 2026
// 重构日志: 268d387d
// 重构日志: 18cf1fd1
// 同步 ID: 5573dd6b @ Thu Jul 30 12:35:38 UTC 2026
// 重构日志: 7c52eb5e
// 重构日志: a6486f6b
// 重构日志: 29e3bf1c
// 重构日志: 859d78c0
// 重构日志: d746ee67
// 同步 ID: 3e059d32 @ Sun Aug  2 08:10:29 UTC 2026
// 重构日志: 55c43df5
// 同步 ID: 55f8e65b @ Sun Aug  2 14:53:47 UTC 2026
// 重构日志: 8eae40de
// 重构日志: 6c95633d
// 重构日志: 6bc761b0
